[Licensing::Module] Trying to connect to existing licensing client channel...
Built from '6000.0/staging' branch; Version is '6000.0.84f1 (78ab6fc243d5) revision 7908207'; Using compiler version '193933523'; Build Type 'Release'
OS: 'Windows 10  (10.0.19045) 64bit Professional' Language: 'en' Physical Memory: 16315 MB
BatchMode: 1, IsHumanControllingUs: 0, StartBugReporterOnCrash: 0, Is64bit: 1
[Licensing::IpcConnector] Successfully connected to: "LicenseClient-AMSAL" at "2026-10-03T19:11:27.0230153Z"
System  architecture: x64
Process architecture: x64
Date: 2026-10-03T19:11:27Z

COMMAND LINE ARGUMENTS:
E:\hassan\Software\6000.0.84f1\Editor\Unity.exe
-batchmode
-quit
-projectPath
E:\hassan\hassan uni work\semester 8\PhyXara\AR_MODE
-executeMethod
ExportAndroid.Export
-logFile
export.log
Successfully changed project path to: E:\hassan\hassan uni work\semester 8\PhyXara\AR_MODE
E:/hassan/hassan uni work/semester 8/PhyXara/AR_MODE
[UnityMemory] Configuration Parameters - Can be set up in boot.config
    "memorysetup-bucket-allocator-granularity=16"
    "memorysetup-bucket-allocator-bucket-count=8"
    "memorysetup-bucket-allocator-block-size=33554432"
    "memorysetup-bucket-allocator-block-count=8"
    "memorysetup-main-allocator-block-size=16777216"
    "memorysetup-thread-allocator-block-size=16777216"
    "memorysetup-gfx-main-allocator-block-size=16777216"
    "memorysetup-gfx-thread-allocator-block-size=16777216"
    "memorysetup-cache-allocator-block-size=4194304"
    "memorysetup-typetree-allocator-block-size=2097152"
    "memorysetup-profiler-bucket-allocator-granularity=16"
    "memorysetup-profiler-bucket-allocator-bucket-count=8"
    "memorysetup-profiler-bucket-allocator-block-size=33554432"
    "memorysetup-profiler-bucket-allocator-block-count=8"
    "memorysetup-profiler-allocator-block-size=16777216"
    "memorysetup-profiler-editor-allocator-block-size=1048576"
    "memorysetup-temp-allocator-size-main=16777216"
    "memorysetup-job-temp-allocator-block-size=2097152"
    "memorysetup-job-temp-allocator-block-size-background=1048576"
    "memorysetup-job-temp-allocator-reduction-small-platforms=262144"
    "memorysetup-allocator-temp-initial-block-size-main=262144"
    "memorysetup-allocator-temp-initial-block-size-worker=262144"
    "memorysetup-temp-allocator-size-background-worker=32768"
    "memorysetup-temp-allocator-size-job-worker=262144"
    "memorysetup-temp-allocator-size-preload-manager=33554432"
    "memorysetup-remapper-allocator-initial-capacity=32768"
    "memorysetup-temp-allocator-size-nav-mesh-worker=65536"
    "memorysetup-temp-allocator-size-audio-worker=65536"
    "memorysetup-temp-allocator-size-cloud-worker=32768"
    "memorysetup-temp-allocator-size-gi-baking-worker=262144"
    "memorysetup-temp-allocator-size-gi-baking-worker=262144"
    "memorysetup-temp-allocator-size-gi-baking-worker=262144"
    "memorysetup-temp-allocator-size-gi-baking-worker=262144"
    "memorysetup-temp-allocator-size-gi-baking-worker=262144"
    "memorysetup-temp-allocator-size-gfx=262144"
Player connection [14860]  Target information:

Player connection [14860]  * "[IP] 192.168.1.7 [Port] 55504 [Flags] 2 [Guid] 2341614983 [EditorId] 2341614983 [Version] 1048832 [Id] WindowsEditor(7,DESKTOP-558SFFG) [Debug] 1 [PackageName] WindowsEditor [ProjectName] Editor" 

Player connection [14860] Host joined multi-casting on [225.0.0.222:54997]...
Player connection [14860] Host joined alternative multi-casting on [225.0.0.222:34997]...
Input System module state changed to: Initialized.
[Physics::Module] Initialized fallback backend.
[Physics::Module] Id: 0xdecafbad
[Licensing::Client] Code 10 while verifying Licensing Client signature (process Id: 3584, path: "E:/hassan/Software/Unity Hub/UnityLicensingClient_V1/Unity.Licensing.Client.exe")
[Licensing::Module] LicensingClient has failed validation; ignoring
[Licensing::Client] Handshaking with LicensingClient:
  Version:                 1.18.3+d7ffd15
  Session Id:              b2f08c5e43034cbd950f42f9779c1aa7
  Correlation Id:          174e9ceda11a9dfeb9bc132b96f73b32
  External correlation Id: 4685468999074708110
  Machine Id:              rAuqRdz2sWLfUh3o8jFiAixOD3s=
[Licensing::Module] Successfully connected to LicensingClient on channel: "LicenseClient-AMSAL" (connect: 0.00s, validation: 0.00s, handshake: 0.05s)
[Licensing::IpcConnector] Successfully connected to: "LicenseClient-AMSAL-notifications" at "2026-10-03T19:11:27.0779803Z"
[Licensing::Module] Error: Access token is unavailable; failed to update
[Licensing::Client] Successfully resolved entitlement details
[Licensing::Module] License group:
  Id: F4-MJRX-463T-63EM-5QYZ-XXXX
  Product: Unity Personal
  Type: ULF
  Expiration: 2026-11-09T20:08:02Z
[Licensing::Module] License group:
  Id: 18967842546024-UnityPersXXXX
  Product: Unity Personal
  Type: Assigned
  Expiration: Unlimited
[Licensing::Client] Successfully updated license, isAsync: True, time: 0.00
[Licensing::Client] Successfully resolved entitlement details
[Licensing::Module] License group:
  Id: F4-MJRX-463T-63EM-5QYZ-XXXX
  Product: Unity Personal
  Type: ULF
  Expiration: 2026-11-09T20:08:02Z
[Licensing::Module] License group:
  Id: 18967842546024-UnityPersXXXX
  Product: Unity Personal
  Type: Assigned
  Expiration: Unlimited
[Licensing::Module] Licensing Background thread has ended after 0.07s
[Package Manager] Connected to IPC stream "Upm-18268" after 0.6 seconds.
Library Redirect Path: Library/
[Physics::Module] Selected backend.
[Physics::Module] Name: PhysX
[Physics::Module] Id: 0xf2b8ea05
[Physics::Module] SDK Version: 4.1.2
[Physics::Module] Integration Version: 1.0.0
[Physics::Module] Threading Mode: Multi-Threaded
[Licensing::Client] Successfully resolved entitlement details
[Licensing::Module] License group:
  Id: F4-MJRX-463T-63EM-5QYZ-XXXX
  Product: Unity Personal
  Type: ULF
  Expiration: 2026-11-09T20:08:02Z
[Licensing::Module] License group:
  Id: 18967842546024-UnityPersXXXX
  Product: Unity Personal
  Type: Assigned
  Expiration: Unlimited
Refreshing native plugins compatible for Editor in 1.14 ms, found 0 plugins.
Preloading 0 native plugins for Editor in 0.00 ms.
Initialize engine version: 6000.0.84f1 (78ab6fc243d5)
[Subsystems] Discovering subsystems at path E:/hassan/Software/6000.0.84f1/Editor/Data/Resources/UnitySubsystems
[Subsystems] Discovering subsystems at path E:/hassan/hassan uni work/semester 8/PhyXara/AR_MODE/Assets
GfxDevice: creating device client; kGfxThreadingModeNonThreaded
Direct3D:
    Version:  Direct3D 11.0 [level 11.0]
    Renderer: NVIDIA Quadro K1100M (ID=0xff6)
    Vendor:   NVIDIA
    VRAM:     2007 MB
    Driver:   25.21.14.2678
Shader Hidden/ProbeVolume/VoxelizeScene is not supported: GPU does not support conservative rasterization
Initialize mono
Mono path[0] = 'E:/hassan/Software/6000.0.84f1/Editor/Data/Managed'
Mono path[1] = 'E:/hassan/Software/6000.0.84f1/Editor/Data/MonoBleedingEdge/lib/mono/unityjit-win32'
Mono config path = 'E:/hassan/Software/6000.0.84f1/Editor/Data/MonoBleedingEdge/etc'
Using monoOptions --debugger-agent=transport=dt_socket,embedding=1,server=y,suspend=n,address=127.0.0.1:56268
Using cacheserver namespaces - metadata:defaultmetadata, artifacts:defaultartifacts
Using cacheserver namespaces - metadata:defaultmetadata, artifacts:defaultartifacts
ImportWorker Server TCP listen port: 0
AcceleratorClientConnectionCallback - disconnected - :0
Begin MonoManager ReloadAssembly
Registering precompiled unity dll's ...
Register platform support module: E:/hassan/Software/6000.0.84f1/Editor/Data/PlaybackEngines/WindowsStandaloneSupport/UnityEditor.WindowsStandalone.Extensions.dll
Register platform support module: E:/hassan/Software/6000.0.84f1/Editor/Data/PlaybackEngines/AndroidPlayer/UnityEditor.Android.Extensions.dll
Registered in 0.007670 seconds.
- Loaded All Assemblies, in  1.030 seconds
Native extension for Android target not found
Android Extension - Scanning For ADB Devices 2643 ms
Native extension for WindowsStandalone target not found
Package Manager log level set to [2]
Mono: successfully reloaded assembly
- Finished resetting the current domain, in  3.537 seconds
Domain Reload Profiling: 4565ms
	BeginReloadAssembly (458ms)
		ExecutionOrderSort (0ms)
		DisableScriptedObjects (0ms)
		BackupInstance (0ms)
		ReleaseScriptingObjects (0ms)
		CreateAndSetChildDomain (4ms)
	RebuildCommonClasses (72ms)
	RebuildNativeTypeToScriptingClass (26ms)
	initialDomainReloadingComplete (96ms)
	LoadAllAssembliesAndSetupDomain (374ms)
		LoadAssemblies (457ms)
		RebuildTransferFunctionScriptingTraits (0ms)
		AnalyzeDomain (360ms)
			TypeCache.Refresh (358ms)
				TypeCache.ScanAssembly (313ms)
			BuildScriptInfoCaches (0ms)
			ResolveRequiredComponents (1ms)
	FinalizeReload (3538ms)
		ReleaseScriptCaches (0ms)
		RebuildScriptCaches (0ms)
		SetupLoadedEditorAssemblies (3450ms)
			LogAssemblyErrors (0ms)
			InitializePlatformSupportModulesInManaged (2984ms)
			SetLoadedEditorAssemblies (13ms)
			BeforeProcessingInitializeOnLoad (133ms)
			ProcessInitializeOnLoadAttributes (207ms)
			ProcessInitializeOnLoadMethodAttributes (112ms)
			AfterProcessingInitializeOnLoad (0ms)
			EditorAssembliesLoaded (0ms)
		ExecutionOrderSort2 (0ms)
		AwakeInstancesAfterBackupRestoration (0ms)
[Licensing::Client] Successfully resolved entitlement details
[Licensing::Module] License group:
  Id: F4-MJRX-463T-63EM-5QYZ-XXXX
  Product: Unity Personal
  Type: ULF
  Expiration: 2026-11-09T20:11:30Z
[Licensing::Module] License group:
  Id: 18967842546024-UnityPersXXXX
  Product: Unity Personal
  Type: Assigned
  Expiration: Unlimited
[Licensing::Client] Successfully resolved entitlement details
[Licensing::Module] License group:
  Id: F4-MJRX-463T-63EM-5QYZ-XXXX
  Product: Unity Personal
  Type: ULF
  Expiration: 2026-11-09T20:11:30Z
[Licensing::Module] License group:
  Id: 18967842546024-UnityPersXXXX
  Product: Unity Personal
  Type: Assigned
  Expiration: Unlimited
Application.AssetDatabase Initial Refresh Start
[Package Manager] Restoring resolved packages state from cache
[Licensing::Client] Successfully resolved entitlement details
[Package Manager] Registered 72 packages:
  Packages from [https://packages.unity.com]:
    com.unity.ai.assistant@2.20.0-pre.1 (location: E:\hassan\hassan uni work\semester 8\PhyXara\AR_MODE\Library\PackageCache\com.unity.ai.assistant@ceb45b7b3ebd)
    com.unity.ai.inference@2.6.1 (location: E:\hassan\hassan uni work\semester 8\PhyXara\AR_MODE\Library\PackageCache\com.unity.ai.inference@9a123aee5df7)
    com.unity.cloud.gltfast@6.20.0 (location: E:\hassan\hassan uni work\semester 8\PhyXara\AR_MODE\Library\PackageCache\com.unity.cloud.gltfast@11ddc2436f97)
    com.unity.ide.rider@3.0.40 (location: E:\hassan\hassan uni work\semester 8\PhyXara\AR_MODE\Library\PackageCache\com.unity.ide.rider@e4950c6d131b)
    com.unity.inputsystem@1.20.0 (location: E:\hassan\hassan uni work\semester 8\PhyXara\AR_MODE\Library\PackageCache\com.unity.inputsystem@7a4e1a2a8194)
    com.unity.learn.iet-framework@6.0.2 (location: E:\hassan\hassan uni work\semester 8\PhyXara\AR_MODE\Library\PackageCache\com.unity.learn.iet-framework@d18e3074646c)
    com.unity.mobile.android-logcat@1.4.7 (location: E:\hassan\hassan uni work\semester 8\PhyXara\AR_MODE\Library\PackageCache\com.unity.mobile.android-logcat@a8a404f035b3)
    com.unity.xr.arcore@6.5.0 (location: E:\hassan\hassan uni work\semester 8\PhyXara\AR_MODE\Library\PackageCache\com.unity.xr.arcore@faa8081af93f)
    com.unity.xr.arfoundation@6.5.0 (location: E:\hassan\hassan uni work\semester 8\PhyXara\AR_MODE\Library\PackageCache\com.unity.xr.arfoundation@13d2457b468b)
    com.unity.xr.arkit@6.5.0 (location: E:\hassan\hassan uni work\semester 8\PhyXara\AR_MODE\Library\PackageCache\com.unity.xr.arkit@f7ae96e6506f)
    com.unity.xr.interaction.toolkit@3.5.1 (location: E:\hassan\hassan uni work\semester 8\PhyXara\AR_MODE\Library\PackageCache\com.unity.xr.interaction.toolkit@63ca3b7ce776)
    com.unity.xr.management@4.6.0 (location: E:\hassan\hassan uni work\semester 8\PhyXara\AR_MODE\Library\PackageCache\com.unity.xr.management@ca5b202bb583)
    com.unity.xr.core-utils@2.6.0 (location: E:\hassan\hassan uni work\semester 8\PhyXara\AR_MODE\Library\PackageCache\com.unity.xr.core-utils@a8b900321199)
    com.unity.xr.legacyinputhelpers@2.1.12 (location: E:\hassan\hassan uni work\semester 8\PhyXara\AR_MODE\Library\PackageCache\com.unity.xr.legacyinputhelpers@b7579e86f3b4)
    com.unity.editorcoroutines@1.1.0 (location: E:\hassan\hassan uni work\semester 8\PhyXara\AR_MODE\Library\PackageCache\com.unity.editorcoroutines@87a15ed012c2)
    com.unity.settings-manager@2.1.0 (location: E:\hassan\hassan uni work\semester 8\PhyXara\AR_MODE\Library\PackageCache\com.unity.settings-manager@41738c275190)
    com.unity.ide.visualstudio@2.0.27 (location: E:\hassan\hassan uni work\semester 8\PhyXara\AR_MODE\Library\PackageCache\com.unity.ide.visualstudio@dc1ddd4f09b6)
    com.unity.performance.profile-analyzer@1.4.0 (location: E:\hassan\hassan uni work\semester 8\PhyXara\AR_MODE\Library\PackageCache\com.unity.performance.profile-analyzer@2bb26871883c)
    com.unity.testtools.codecoverage@1.3.0 (location: E:\hassan\hassan uni work\semester 8\PhyXara\AR_MODE\Library\PackageCache\com.unity.testtools.codecoverage@19a841221620)
    com.unity.burst@1.8.30 (location: E:\hassan\hassan uni work\semester 8\PhyXara\AR_MODE\Library\PackageCache\com.unity.burst@2f3d916873ea)
    com.unity.collections@2.6.8 (location: E:\hassan\hassan uni work\semester 8\PhyXara\AR_MODE\Library\PackageCache\com.unity.collections@84e8eb3fc12e)
    com.unity.mathematics@1.3.3 (location: E:\hassan\hassan uni work\semester 8\PhyXara\AR_MODE\Library\PackageCache\com.unity.mathematics@19a9377c4ffa)
    com.unity.dt.app-ui@1.3.6 (location: E:\hassan\hassan uni work\semester 8\PhyXara\AR_MODE\Library\PackageCache\com.unity.dt.app-ui@3bbd9e4c5c92)
    com.unity.nuget.newtonsoft-json@3.2.2 (location: E:\hassan\hassan uni work\semester 8\PhyXara\AR_MODE\Library\PackageCache\com.unity.nuget.newtonsoft-json@4dfd81071c64)
    com.unity.nuget.mono-cecil@1.11.6 (location: E:\hassan\hassan uni work\semester 8\PhyXara\AR_MODE\Library\PackageCache\com.unity.nuget.mono-cecil@ecb9724e46ff)
    com.unity.searcher@4.9.3 (location: E:\hassan\hassan uni work\semester 8\PhyXara\AR_MODE\Library\PackageCache\com.unity.searcher@1e17ce91558d)
    com.unity.test-framework.performance@3.5.0 (location: E:\hassan\hassan uni work\semester 8\PhyXara\AR_MODE\Library\PackageCache\com.unity.test-framework.performance@8b56083ec0f0)
  Built-in packages:
    com.unity.feature.development@1.0.2 (location: E:\hassan\hassan uni work\semester 8\PhyXara\AR_MODE\Library\PackageCache\com.unity.feature.development@767aadbc6eb7)
    com.unity.multiplayer.center@1.0.0 (location: E:\hassan\hassan uni work\semester 8\PhyXara\AR_MODE\Library\PackageCache\com.unity.multiplayer.center@f3fb577b3546)
    com.unity.render-pipelines.universal@17.0.4 (location: E:\hassan\hassan uni work\semester 8\PhyXara\AR_MODE\Library\PackageCache\com.unity.render-pipelines.universal@ab605b8cbe5e)
    com.unity.modules.accessibility@1.0.0 (location: E:\hassan\hassan uni work\semester 8\PhyXara\AR_MODE\Library\PackageCache\com.unity.modules.accessibility)
    com.unity.modules.ai@1.0.0 (location: E:\hassan\hassan uni work\semester 8\PhyXara\AR_MODE\Library\PackageCache\com.unity.modules.ai)
    com.unity.modules.androidjni@1.0.0 (location: E:\hassan\hassan uni work\semester 8\PhyXara\AR_MODE\Library\PackageCache\com.unity.modules.androidjni)
    com.unity.modules.animation@1.0.0 (location: E:\hassan\hassan uni work\semester 8\PhyXara\AR_MODE\Library\PackageCache\com.unity.modules.animation)
    com.unity.modules.assetbundle@1.0.0 (location: E:\hassan\hassan uni work\semester 8\PhyXara\AR_MODE\Library\PackageCache\com.unity.modules.assetbundle)
    com.unity.modules.audio@1.0.0 (location: E:\hassan\hassan uni work\semester 8\PhyXara\AR_MODE\Library\PackageCache\com.unity.modules.audio)
    com.unity.modules.cloth@1.0.0 (location: E:\hassan\hassan uni work\semester 8\PhyXara\AR_MODE\Library\PackageCache\com.unity.modules.cloth)
    com.unity.modules.director@1.0.0 (location: E:\hassan\hassan uni work\semester 8\PhyXara\AR_MODE\Library\PackageCache\com.unity.modules.director)
    com.unity.modules.imageconversion@1.0.0 (location: E:\hassan\hassan uni work\semester 8\PhyXara\AR_MODE\Library\PackageCache\com.unity.modules.imageconversion)
    com.unity.modules.imgui@1.0.0 (location: E:\hassan\hassan uni work\semester 8\PhyXara\AR_MODE\Library\PackageCache\com.unity.modules.imgui)
    com.unity.modules.jsonserialize@1.0.0 (location: E:\hassan\hassan uni work\semester 8\PhyXara\AR_MODE\Library\PackageCache\com.unity.modules.jsonserialize)
    com.unity.modules.particlesystem@1.0.0 (location: E:\hassan\hassan uni work\semester 8\PhyXara\AR_MODE\Library\PackageCache\com.unity.modules.particlesystem)
    com.unity.modules.physics@1.0.0 (location: E:\hassan\hassan uni work\semester 8\PhyXara\AR_MODE\Library\PackageCache\com.unity.modules.physics)
    com.unity.modules.physics2d@1.0.0 (location: E:\hassan\hassan uni work\semester 8\PhyXara\AR_MODE\Library\PackageCache\com.unity.modules.physics2d)
    com.unity.modules.screencapture@1.0.0 (location: E:\hassan\hassan uni work\semester 8\PhyXara\AR_MODE\Library\PackageCache\com.unity.modules.screencapture)
    com.unity.modules.terrain@1.0.0 (location: E:\hassan\hassan uni work\semester 8\PhyXara\AR_MODE\Library\PackageCache\com.unity.modules.terrain)
    com.unity.modules.terrainphysics@1.0.0 (location: E:\hassan\hassan uni work\semester 8\PhyXara\AR_MODE\Library\PackageCache\com.unity.modules.terrainphysics)
    com.unity.modules.tilemap@1.0.0 (location: E:\hassan\hassan uni work\semester 8\PhyXara\AR_MODE\Library\PackageCache\com.unity.modules.tilemap)
    com.unity.modules.ui@1.0.0 (location: E:\hassan\hassan uni work\semester 8\PhyXara\AR_MODE\Library\PackageCache\com.unity.modules.ui)
    com.unity.modules.uielements@1.0.0 (location: E:\hassan\hassan uni work\semester 8\PhyXara\AR_MODE\Library\PackageCache\com.unity.modules.uielements)
    com.unity.modules.umbra@1.0.0 (location: E:\hassan\hassan uni work\semester 8\PhyXara\AR_MODE\Library\PackageCache\com.unity.modules.umbra)
    com.unity.modules.unityanalytics@1.0.0 (location: E:\hassan\hassan uni work\semester 8\PhyXara\AR_MODE\Library\PackageCache\com.unity.modules.unityanalytics)
    com.unity.modules.unitywebrequest@1.0.0 (location: E:\hassan\hassan uni work\semester 8\PhyXara\AR_MODE\Library\PackageCache\com.unity.modules.unitywebrequest)
    com.unity.modules.unitywebrequestassetbundle@1.0.0 (location: E:\hassan\hassan uni work\semester 8\PhyXara\AR_MODE\Library\PackageCache\com.unity.modules.unitywebrequestassetbundle)
    com.unity.modules.unitywebrequestaudio@1.0.0 (location: E:\hassan\hassan uni work\semester 8\PhyXara\AR_MODE\Library\PackageCache\com.unity.modules.unitywebrequestaudio)
    com.unity.modules.unitywebrequesttexture@1.0.0 (location: E:\hassan\hassan uni work\semester 8\PhyXara\AR_MODE\Library\PackageCache\com.unity.modules.unitywebrequesttexture)
    com.unity.modules.unitywebrequestwww@1.0.0 (location: E:\hassan\hassan uni work\semester 8\PhyXara\AR_MODE\Library\PackageCache\com.unity.modules.unitywebrequestwww)
    com.unity.modules.vehicles@1.0.0 (location: E:\hassan\hassan uni work\semester 8\PhyXara\AR_MODE\Library\PackageCache\com.unity.modules.vehicles)
    com.unity.modules.video@1.0.0 (location: E:\hassan\hassan uni work\semester 8\PhyXara\AR_MODE\Library\PackageCache\com.unity.modules.video)
    com.unity.modules.vr@1.0.0 (location: E:\hassan\hassan uni work\semester 8\PhyXara\AR_MODE\Library\PackageCache\com.unity.modules.vr)
    com.unity.modules.wind@1.0.0 (location: E:\hassan\hassan uni work\semester 8\PhyXara\AR_MODE\Library\PackageCache\com.unity.modules.wind)
    com.unity.modules.xr@1.0.0 (location: E:\hassan\hassan uni work\semester 8\PhyXara\AR_MODE\Library\PackageCache\com.unity.modules.xr)
    com.unity.modules.subsystems@1.0.0 (location: E:\hassan\hassan uni work\semester 8\PhyXara\AR_MODE\Library\PackageCache\com.unity.modules.subsystems)
    com.unity.modules.hierarchycore@1.0.0 (location: E:\hassan\hassan uni work\semester 8\PhyXara\AR_MODE\Library\PackageCache\com.unity.modules.hierarchycore)
    com.unity.ugui@2.0.0 (location: E:\hassan\hassan uni work\semester 8\PhyXara\AR_MODE\Library\PackageCache\com.unity.ugui@5d6a93c81cc4)
    com.unity.render-pipelines.core@17.0.4 (location: E:\hassan\hassan uni work\semester 8\PhyXara\AR_MODE\Library\PackageCache\com.unity.render-pipelines.core@36dd213002aa)
    com.unity.shadergraph@17.0.4 (location: E:\hassan\hassan uni work\semester 8\PhyXara\AR_MODE\Library\PackageCache\com.unity.shadergraph@867249b1c940)
    com.unity.render-pipelines.universal-config@17.0.3 (location: E:\hassan\hassan uni work\semester 8\PhyXara\AR_MODE\Library\PackageCache\com.unity.render-pipelines.universal-config@dd206bf35d04)
    com.unity.ext.nunit@2.0.5 (location: E:\hassan\hassan uni work\semester 8\PhyXara\AR_MODE\Library\PackageCache\com.unity.ext.nunit@031a54704bff)
    com.unity.test-framework@1.6.0 (location: E:\hassan\hassan uni work\semester 8\PhyXara\AR_MODE\Library\PackageCache\com.unity.test-framework@082c24152fd4)
    com.unity.2d.sprite@1.0.0 (location: E:\hassan\hassan uni work\semester 8\PhyXara\AR_MODE\Library\PackageCache\com.unity.2d.sprite@0eb6ea2c7181)
    com.unity.rendering.light-transport@1.0.1 (location: E:\hassan\hassan uni work\semester 8\PhyXara\AR_MODE\Library\PackageCache\com.unity.rendering.light-transport@9bd588f963c0)
[Subsystems] Looking for new subsystems at path E:\hassan\hassan uni work\semester 8\PhyXara\AR_MODE\Library\PackageCache\com.unity.xr.arfoundation@13d2457b468b
[Subsystems] Novel subsystem found at Library/PackageCache/com.unity.xr.arfoundation@13d2457b468b/Runtime/UnitySubsystemsManifest.json
[Subsystems] Discovering subsystems at path E:/hassan/Software/6000.0.84f1/Editor/Data/Resources/UnitySubsystems
[Subsystems] Discovering subsystems at path E:/hassan/hassan uni work/semester 8/PhyXara/AR_MODE/Assets
[Subsystems] Discovering subsystems at path E:\hassan\hassan uni work\semester 8\PhyXara\AR_MODE\Library\PackageCache\com.unity.xr.arfoundation@13d2457b468b
[Subsystems] No descriptors matched for  examples in Library/PackageCache/com.unity.xr.arfoundation@13d2457b468b/Runtime/UnitySubsystemsManifest.json.
[Subsystems] 1 'inputs' descriptors matched in Library/PackageCache/com.unity.xr.arfoundation@13d2457b468b/Runtime/UnitySubsystemsManifest.json
[Subsystems] No descriptors matched for  displays in Library/PackageCache/com.unity.xr.arfoundation@13d2457b468b/Runtime/UnitySubsystemsManifest.json.
[Subsystems] 1 'meshings' descriptors matched in Library/PackageCache/com.unity.xr.arfoundation@13d2457b468b/Runtime/UnitySubsystemsManifest.json
[Package Manager] Done registering packages in 0.04 seconds
Refreshing native plugins compatible for Editor in 3.68 ms, found 2 plugins.
Starting: E:\hassan\Software\6000.0.84f1\Editor\Data\bee_backend.exe --ipc --defer-dag-verification --dagfile="Library/Bee/1300b0aE.dag" --continue-on-failure --profile="Library/Bee/backend1.traceevents" ScriptAssemblies
WorkingDir: E:/hassan/hassan uni work/semester 8/PhyXara/AR_MODE
DisplayProgressbar: Compiling Scripts
ExitCode: 4 Duration: 0s701ms
[1355/1800  0s] ILPP-Configuration Library/ilpp-configuration.nevergeneratedoutput
Rebuilding DAG because FileSignature timestamp changed: Library/Bee/1300b0aE-inputdata.json
*** Tundra requires additional run (0.54 seconds), 1 items updated, 1376 evaluated
Starting: E:\hassan\Software\6000.0.84f1\Editor\Data\Tools\netcorerun\netcorerun.exe "E:\hassan\Software\6000.0.84f1\Editor\Data\Tools\BuildPipeline\ScriptCompilationBuildProgram.exe" "Library/Bee/1300b0aE.dag.json" "Library/Bee/1300b0aE-inputdata.json" "Library\Bee\buildprogram0.traceevents"
WorkingDir: E:/hassan/hassan uni work/semester 8/PhyXara/AR_MODE
ExitCode: 0 Duration: 3s5ms
Starting: E:\hassan\Software\6000.0.84f1\Editor\Data\bee_backend.exe --ipc --defer-dag-verification --dagfile="Library/Bee/1300b0aE.dag" --continue-on-failure --dagfilejson="Library\Bee\1300b0aE.dag.json" --profile="Library/Bee/backend2.traceevents" ScriptAssemblies
WorkingDir: E:/hassan/hassan uni work/semester 8/PhyXara/AR_MODE
ExitCode: 0 Duration: 5s462ms
Finished compiling graph: 1804 nodes, 36359 flattened edges (28333 ToBuild, 308 ToUse), maximum node priority 2110
[1355/1800  0s] ILPP-Configuration Library/ilpp-configuration.nevergeneratedoutput
*** Tundra build success (5.40 seconds), 1 items updated, 1800 evaluated
AssetDatabase: script compilation time: 10.282850s
Begin MonoManager ReloadAssembly
- Loaded All Assemblies, in  2.759 seconds
Refreshing native plugins compatible for Editor in 4.70 ms, found 2 plugins.
Native extension for Android target not found
Native extension for WindowsStandalone target not found
[Licensing::Client] Error: Code 404 while processing request (status: Found 0 entitlement groups and 0 free entitlements matching requested entitlement ids)
[Licensing::Client] Error: Code 404 while processing request (status: Found 0 entitlement groups and 0 free entitlements matching requested entitlement ids)
[Licensing::Client] Error: Code 404 while processing request (status: Found 0 entitlement groups and 0 free entitlements matching requested entitlement ids)
Mono: successfully reloaded assembly
- Finished resetting the current domain, in  9.534 seconds
Domain Reload Profiling: 12282ms
	BeginReloadAssembly (555ms)
		ExecutionOrderSort (0ms)
		DisableScriptedObjects (26ms)
		BackupInstance (0ms)
		ReleaseScriptingObjects (0ms)
		CreateAndSetChildDomain (258ms)
	RebuildCommonClasses (87ms)
	RebuildNativeTypeToScriptingClass (26ms)
	initialDomainReloadingComplete (143ms)
	LoadAllAssembliesAndSetupDomain (1936ms)
		LoadAssemblies (1049ms)
		RebuildTransferFunctionScriptingTraits (0ms)
		AnalyzeDomain (1088ms)
			TypeCache.Refresh (844ms)
				TypeCache.ScanAssembly (803ms)
			BuildScriptInfoCaches (207ms)
			ResolveRequiredComponents (30ms)
	FinalizeReload (9535ms)
		ReleaseScriptCaches (0ms)
		RebuildScriptCaches (0ms)
		SetupLoadedEditorAssemblies (8496ms)
			LogAssemblyErrors (0ms)
			InitializePlatformSupportModulesInManaged (46ms)
			SetLoadedEditorAssemblies (9ms)
			BeforeProcessingInitializeOnLoad (486ms)
			ProcessInitializeOnLoadAttributes (7328ms)
			ProcessInitializeOnLoadMethodAttributes (622ms)
			AfterProcessingInitializeOnLoad (4ms)
			EditorAssembliesLoaded (1ms)
		ExecutionOrderSort2 (0ms)
		AwakeInstancesAfterBackupRestoration (12ms)
Asset Pipeline Refresh (id=bb592a75081563a4d9f109daf1b3099a): Total: 24.520 seconds - Initiated by InitialRefreshV2(ForceSynchronousImport)
	Summary:
		Imports: total=0 (actual=0, local cache=0, cache server=0)
		Asset DB Process Time: managed=0 ms, native=11191 ms
		Asset DB Callback time: managed=68 ms, native=46 ms
		Scripting: domain reloads=1, domain reload time=2760 ms, compile time=10287 ms, other=166 ms
		Project Asset Count: scripts=2244, non-scripts=3680
		Asset File Changes: new=0, changed=0, moved=0, deleted=0
		Scan Filter Count: 0
	InvokeCustomDependenciesCallbacks: 0.002ms
	InvokePackagesCallback: 47.633ms
	ApplyChangesToAssetFolders: 1.118ms
	Scan: 343.699ms
	OnSourceAssetsModified: 0.002ms
	CategorizeAssetsWithTransientArtifact: 267.964ms
	ProcessAssetsWithTransientArtifactChanges: 421.407ms
	CategorizeAssets: 169.297ms
	ImportOutOfDateAssets: 9566.133ms (-727.154ms without children)
		CompileScripts: 10286.910ms
		ReloadNativeAssets: 0.051ms
		UnloadImportedAssets: 1.429ms
		EnsureUptoDateAssetsAreRegisteredWithGuidPM: 2.726ms
		InitializingProgressBar: 0.001ms
		PostProcessAllAssetNotificationsAddChangedAssets: 0.001ms
		OnDemandSchedulerStart: 2.170ms
	PostProcessAllAssets: 68.440ms
	GatherAllCurrentPrimaryArtifactRevisions: 0.000ms
	UnloadStreamsBegin: 3.952ms
	PersistCurrentRevisions: 0.433ms
	UnloadStreamsEnd: 0.002ms
	GenerateScriptTypeHashes: 14.530ms
	Untracked: 13629.905ms

Application.AssetDatabase Initial Refresh End
Scanning for USB devices : 2.658ms
Initializing Unity extensions:
[MODES] ModeService[none].Initialize
[MODES] ModeService[none].LoadModes
[MODES] Loading mode Default (0) for mode-current-id-PhyXara
Unloading 67 Unused Serialized files (Serialized files now loaded: 0)
Unloading 9512 unused Assets / (42.1 MB). Loaded Objects now: 10308.
Memory consumption went from 292.7 MB to 250.6 MB.
Total: 775.508100 ms (FindLiveObjects: 1.876200 ms CreateObjectMapping: 2.410700 ms MarkObjects: 46.865800 ms  DeleteObjects: 724.353100 ms)

[ExportAndroid] Reference image library is empty: AR tracking will report no_reference_image until you add the diagram image (PhyXara > Sync Reference Image Library).
UnityEngine.Debug:ExtractStackTraceNoAlloc (byte*,int,string)
UnityEngine.StackTraceUtility:ExtractStackTrace ()
UnityEngine.DebugLogHandler:Internal_Log (UnityEngine.LogType,UnityEngine.LogOption,string,UnityEngine.Object)
UnityEngine.DebugLogHandler:LogFormat (UnityEngine.LogType,UnityEngine.Object,string,object[])
UnityEngine.Logger:Log (UnityEngine.LogType,object)
UnityEngine.Debug:LogWarning (object)
ExportAndroid:ParkEmptyLibrary () (at Assets/Editor/ExportAndroid.cs:84)
ExportAndroid:Run (bool) (at Assets/Editor/ExportAndroid.cs:68)
ExportAndroid:Export () (at Assets/Editor/ExportAndroid.cs:31)

(Filename: Assets/Editor/ExportAndroid.cs Line: 84)

Refreshing native plugins compatible for Editor in 4.35 ms, found 2 plugins.
Preloading 1 native plugins for Editor in 0.68 ms.
Asset Pipeline Refresh (id=2a23457f4dd04f64cbf3ae33dadfc88c): Total: 0.772 seconds - Initiated by RefreshV2(NoUpdateAssetOptions)
	Summary:
		Imports: total=0 (actual=0, local cache=0, cache server=0)
		Asset DB Process Time: managed=0 ms, native=180 ms
		Asset DB Callback time: managed=579 ms, native=12 ms
		Scripting: domain reloads=0, domain reload time=0 ms, compile time=0 ms, other=0 ms
		Project Asset Count: scripts=2244, non-scripts=3679
		Asset File Changes: new=0, changed=0, moved=0, deleted=1
		Scan Filter Count: 0
	InvokeCustomDependenciesCallbacks: 0.001ms
	InvokePackagesCallback: 0.001ms
	ApplyChangesToAssetFolders: 0.550ms
	Scan: 33.864ms
	OnSourceAssetsModified: 1.835ms
	CategorizeAssetsWithTransientArtifact: 0.023ms
	ProcessAssetsWithTransientArtifactChanges: 0.267ms
	UnregisterDeletedAssets: 0.002ms
	CategorizeAssets: 106.874ms
	ImportOutOfDateAssets: 3.891ms (0.780ms without children)
		ReloadNativeAssets: 0.104ms
		UnloadImportedAssets: 0.211ms
		EnsureUptoDateAssetsAreRegisteredWithGuidPM: 1.928ms
		InitializingProgressBar: 0.001ms
		PostProcessAllAssetNotificationsAddChangedAssets: 0.001ms
		OnDemandSchedulerStart: 0.866ms
	PostProcessAllAssets: 581.604ms
	Hotreload: 8.308ms
	GatherAllCurrentPrimaryArtifactRevisions: 0.944ms
	UnloadStreamsBegin: 3.114ms
	PersistCurrentRevisions: 0.543ms
	UnloadStreamsEnd: 0.001ms
	Untracked: 30.429ms

1 URP assets included in build
- URP-Performant - Assets/Settings/URP-Performant.asset
	 - URP-Performant-Renderer - Assets/Settings/URP-Performant-Renderer.asset - UnityEngine.Rendering.Universal.UniversalRendererData
UnityEngine.Debug:ExtractStackTraceNoAlloc (byte*,int,string)
UnityEngine.StackTraceUtility:ExtractStackTrace ()
UnityEngine.DebugLogHandler:Internal_Log (UnityEngine.LogType,UnityEngine.LogOption,string,UnityEngine.Object)
UnityEngine.DebugLogHandler:LogFormat (UnityEngine.LogType,UnityEngine.Object,string,object[])
UnityEngine.Logger:Log (UnityEngine.LogType,object)
UnityEngine.Debug:Log (object)
UnityEditor.Rendering.Universal.URPPreprocessBuild:LogIncludedAssets (System.Collections.Generic.List`1<UnityEngine.Rendering.Universal.UniversalRenderPipelineAsset>) (at ./Library/PackageCache/com.unity.render-pipelines.universal@ab605b8cbe5e/Editor/BuildProcessors/URPPreprocessBuild.cs:52)
UnityEditor.Rendering.Universal.URPPreprocessBuild:OnPreprocessBuild (UnityEditor.Build.Reporting.BuildReport) (at ./Library/PackageCache/com.unity.render-pipelines.universal@ab605b8cbe5e/Editor/BuildProcessors/URPPreprocessBuild.cs:30)
UnityEditor.Build.BuildPipelineInterfaces/<>c__DisplayClass17_0:<OnBuildPreProcess>b__1 (UnityEditor.Build.IPreprocessBuildWithReport)
UnityEditor.Build.BuildPipelineInterfaces:InvokeCallbackInterfacesPair<UnityEditor.Build.IPreprocessBuild, UnityEditor.Build.IPreprocessBuildWithReport> (System.Collections.Generic.List`1<UnityEditor.Build.IPreprocessBuild>,System.Action`1<UnityEditor.Build.IPreprocessBuild>,System.Collections.Generic.List`1<UnityEditor.Build.IPreprocessBuildWithReport>,System.Action`1<UnityEditor.Build.IPreprocessBuildWithReport>,bool)
UnityEditor.Build.BuildPipelineInterfaces:OnBuildPreProcess (UnityEditor.Build.Reporting.BuildReport)
UnityEditor.BuildPipeline:BuildPlayerInternalNoCheck (string[],string,string,UnityEditor.BuildTargetGroup,UnityEditor.BuildTarget,int,UnityEditor.BuildOptions,string[],bool)
UnityEditor.BuildPipeline:BuildPlayerInternal (string[],string,string,UnityEditor.BuildTargetGroup,UnityEditor.BuildTarget,int,UnityEditor.BuildOptions,string[])
UnityEditor.BuildPipeline:BuildPlayer (string[],string,string,UnityEditor.BuildTargetGroup,UnityEditor.BuildTarget,int,UnityEditor.BuildOptions,string[])
UnityEditor.BuildPipeline:BuildPlayer (UnityEditor.BuildPlayerOptions)
ExportAndroid:Run (bool) (at Assets/Editor/ExportAndroid.cs:70)
ExportAndroid:Export () (at Assets/Editor/ExportAndroid.cs:31)

(Filename: ./Library/PackageCache/com.unity.render-pipelines.universal@ab605b8cbe5e/Editor/BuildProcessors/URPPreprocessBuild.cs Line: 52)

Start importing ProjectSettings/ProjectSettings.asset using Guid(00000000000000004000000000000000) (LibraryAssetImporter) -> (artifact id: '41e50f2f257e34aa4ece833b8be12069') in 0.0190331 seconds
Start importing ProjectSettings/GraphicsSettings.asset using Guid(00000000000000006100000000000000) (LibraryAssetImporter) -> (artifact id: '803281576b8b71debe1910c415a1bb5d') in 0.0030992 seconds
Start importing Assets/Settings/URP-Performant.asset using Guid(d0e2fc18fe036412f8223b3b3d9ad574) (NativeFormatImporter) -> (artifact id: '8dc138fee49c05e754c35a96d89ee4e2') in 0.0023862 seconds
Start importing Packages/com.unity.xr.arkit/Tests/Editor/Assets/TestReferenceImageLibrary.asset using Guid(e140c899c3d924dff8f41e493d33d3a7) (NativeFormatImporter) -> (artifact id: '5a09e49ce0735eecabf96c02a4dc2662') in 0.0025074 seconds
Start importing Packages/com.unity.xr.arcore/Tests/Editor/Assets/TestReferenceImageLibrary.asset using Guid(c33765148919746ecbe8e10cceb19107) (NativeFormatImporter) -> (artifact id: '02a1e77c9622db66b2d31429ab9963b6') in 0.0032834 seconds
Start importing Assets/Settings/UniversalRenderPipelineGlobalSettings.asset using Guid(18dc0cd2c080841dea60987a38ce93fa) (NativeFormatImporter) -> (artifact id: '5739cea538eff6e29262dd233bab8447') in 0.0028872 seconds
The following asset(s) located in immutable packages were unexpectedly altered. Making changes to immutable packages isn't recommended because the changes can be lost without any warning during Package Manager operations.
  Packages/com.unity.xr.arcore/Tests/Editor/Assets/TestReferenceImageLibrary.asset
  Packages/com.unity.xr.arkit/Tests/Editor/Assets/TestReferenceImageLibrary.asset
Shader Hidden/ProbeVolume/VoxelizeScene is not supported: GPU does not support conservative rasterization
Launched and connected shader compiler UnityShaderCompiler.exe after 0.04 seconds
Refreshing native plugins compatible for Editor in 6.19 ms, found 2 plugins.
Preloading 1 native plugins for Editor in 0.07 ms.
Asset Pipeline Refresh (id=c27296977354aec4aaa7c21201085f84): Total: 1.623 seconds - Initiated by StopAssetImportingV2(NoUpdateAssetOptions)
	Summary:
		Imports: total=6 (actual=6, local cache=0, cache server=0)
		Asset DB Process Time: managed=7 ms, native=910 ms
		Asset DB Callback time: managed=452 ms, native=252 ms
		Scripting: domain reloads=0, domain reload time=0 ms, compile time=0 ms, other=0 ms
		Project Asset Count: scripts=2244, non-scripts=3679
		Asset File Changes: new=0, changed=3, moved=0, deleted=0
		Scan Filter Count: 0
	InvokeCustomDependenciesCallbacks: 0.001ms
	InvokePackagesCallback: 0.001ms
	ApplyChangesToAssetFolders: 0.636ms
	Scan: 30.095ms
	OnSourceAssetsModified: 0.154ms
	CategorizeAssetsWithTransientArtifact: 0.036ms
	ProcessAssetsWithTransientArtifactChanges: 0.291ms
	CategorizeAssets: 805.980ms
	ImportOutOfDateAssets: 48.903ms (1.596ms without children)
		ImportManagerImport: 40.280ms (3.852ms without children)
			ImportInProcess: 36.264ms
			UpdateCategorizedAssets: 0.164ms
		ReloadNativeAssets: 0.164ms
		UnloadImportedAssets: 0.942ms
		ReloadImportedAssets: 0.001ms
		EnsureUptoDateAssetsAreRegisteredWithGuidPM: 3.994ms
		InitializingProgressBar: 0.007ms
		PostProcessAllAssetNotificationsAddChangedAssets: 0.003ms
		OnDemandSchedulerStart: 1.916ms
	PostProcessAllAssets: 830.841ms
	Hotreload: 6.569ms
	GatherAllCurrentPrimaryArtifactRevisions: 1.297ms
	UnloadStreamsBegin: 0.042ms
	PersistCurrentRevisions: 0.984ms
	UnloadStreamsEnd: 0.003ms
	Untracked: -102.569ms

App UI Settings is not a persistent object. Skipping adding it to preloaded assets.
If this is not intended, please make sure the App UI Settings object is saved to disk and selected in the Project Settings (Edit > Project Settings > App UI).
UnityEngine.Debug:ExtractStackTraceNoAlloc (byte*,int,string)
UnityEngine.StackTraceUtility:ExtractStackTrace ()
UnityEngine.DebugLogHandler:Internal_Log (UnityEngine.LogType,UnityEngine.LogOption,string,UnityEngine.Object)
UnityEngine.DebugLogHandler:LogFormat (UnityEngine.LogType,UnityEngine.Object,string,object[])
UnityEngine.Logger:Log (UnityEngine.LogType,object)
UnityEngine.Debug:LogWarning (object)
Unity.AppUI.Editor.AppUIBuildSetup:EnsureAppUISettingsArePreloaded () (at ./Library/PackageCache/com.unity.dt.app-ui@3bbd9e4c5c92/Editor/AppUIBuildSetup.cs:101)
Unity.AppUI.Editor.AppUIBuildSetup:OnPreprocessBuild (UnityEditor.Build.Reporting.BuildReport) (at ./Library/PackageCache/com.unity.dt.app-ui@3bbd9e4c5c92/Editor/AppUIBuildSetup.cs:72)
UnityEditor.Build.BuildPipelineInterfaces/<>c__DisplayClass17_0:<OnBuildPreProcess>b__1 (UnityEditor.Build.IPreprocessBuildWithReport)
UnityEditor.Build.BuildPipelineInterfaces:InvokeCallbackInterfacesPair<UnityEditor.Build.IPreprocessBuild, UnityEditor.Build.IPreprocessBuildWithReport> (System.Collections.Generic.List`1<UnityEditor.Build.IPreprocessBuild>,System.Action`1<UnityEditor.Build.IPreprocessBuild>,System.Collections.Generic.List`1<UnityEditor.Build.IPreprocessBuildWithReport>,System.Action`1<UnityEditor.Build.IPreprocessBuildWithReport>,bool)
UnityEditor.Build.BuildPipelineInterfaces:OnBuildPreProcess (UnityEditor.Build.Reporting.BuildReport)
UnityEditor.BuildPipeline:BuildPlayerInternalNoCheck (string[],string,string,UnityEditor.BuildTargetGroup,UnityEditor.BuildTarget,int,UnityEditor.BuildOptions,string[],bool)
UnityEditor.BuildPipeline:BuildPlayerInternal (string[],string,string,UnityEditor.BuildTargetGroup,UnityEditor.BuildTarget,int,UnityEditor.BuildOptions,string[])
UnityEditor.BuildPipeline:BuildPlayer (string[],string,string,UnityEditor.BuildTargetGroup,UnityEditor.BuildTarget,int,UnityEditor.BuildOptions,string[])
UnityEditor.BuildPipeline:BuildPlayer (UnityEditor.BuildPlayerOptions)
ExportAndroid:Run (bool) (at Assets/Editor/ExportAndroid.cs:70)
ExportAndroid:Export () (at Assets/Editor/ExportAndroid.cs:31)

(Filename: ./Library/PackageCache/com.unity.dt.app-ui@3bbd9e4c5c92/Editor/AppUIBuildSetup.cs Line: 101)

Start importing ProjectSettings/GraphicsSettings.asset using Guid(00000000000000006100000000000000) (LibraryAssetImporter) -> (artifact id: '0324ccc948c4f5e4b162cfb52cddfa1a') in 0.0042301 seconds
Refreshing native plugins compatible for Editor in 3.79 ms, found 2 plugins.
Preloading 1 native plugins for Editor in 0.05 ms.
Asset Pipeline Refresh (id=8d0ed4f974826934f9ca2f62a25dbec0): Total: 0.086 seconds - Initiated by StopAssetImportingV2(NoUpdateAssetOptions)
[TestRunBuilder] Content changed for 'Assets/Resources/PerformanceTestRunInfo.json' - rewriting file
Old length: 3410 bytes
New length: 3410 bytes
UnityEngine.Debug:ExtractStackTraceNoAlloc (byte*,int,string)
UnityEngine.StackTraceUtility:ExtractStackTrace ()
UnityEngine.DebugLogHandler:Internal_Log (UnityEngine.LogType,UnityEngine.LogOption,string,UnityEngine.Object)
UnityEngine.DebugLogHandler:LogFormat (UnityEngine.LogType,UnityEngine.Object,string,object[])
UnityEngine.Logger:Log (UnityEngine.LogType,object)
UnityEngine.Debug:LogWarning (object)
Unity.PerformanceTesting.Editor.TestRunBuilder:SaveToStorage (object,string) (at ./Library/PackageCache/com.unity.test-framework.performance@8b56083ec0f0/Editor/TestRunBuilder.cs:233)
Unity.PerformanceTesting.Editor.TestRunBuilder:OnPreprocessBuild (UnityEditor.Build.Reporting.BuildReport) (at ./Library/PackageCache/com.unity.test-framework.performance@8b56083ec0f0/Editor/TestRunBuilder.cs:35)
UnityEditor.Build.BuildPipelineInterfaces/<>c__DisplayClass17_0:<OnBuildPreProcess>b__1 (UnityEditor.Build.IPreprocessBuildWithReport)
UnityEditor.Build.BuildPipelineInterfaces:InvokeCallbackInterfacesPair<UnityEditor.Build.IPreprocessBuild, UnityEditor.Build.IPreprocessBuildWithReport> (System.Collections.Generic.List`1<UnityEditor.Build.IPreprocessBuild>,System.Action`1<UnityEditor.Build.IPreprocessBuild>,System.Collections.Generic.List`1<UnityEditor.Build.IPreprocessBuildWithReport>,System.Action`1<UnityEditor.Build.IPreprocessBuildWithReport>,bool)
UnityEditor.Build.BuildPipelineInterfaces:OnBuildPreProcess (UnityEditor.Build.Reporting.BuildReport)
UnityEditor.BuildPipeline:BuildPlayerInternalNoCheck (string[],string,string,UnityEditor.BuildTargetGroup,UnityEditor.BuildTarget,int,UnityEditor.BuildOptions,string[],bool)
UnityEditor.BuildPipeline:BuildPlayerInternal (string[],string,string,UnityEditor.BuildTargetGroup,UnityEditor.BuildTarget,int,UnityEditor.BuildOptions,string[])
UnityEditor.BuildPipeline:BuildPlayer (string[],string,string,UnityEditor.BuildTargetGroup,UnityEditor.BuildTarget,int,UnityEditor.BuildOptions,string[])
UnityEditor.BuildPipeline:BuildPlayer (UnityEditor.BuildPlayerOptions)
ExportAndroid:Run (bool) (at Assets/Editor/ExportAndroid.cs:70)
ExportAndroid:Export () (at Assets/Editor/ExportAndroid.cs:31)

(Filename: ./Library/PackageCache/com.unity.test-framework.performance@8b56083ec0f0/Editor/TestRunBuilder.cs Line: 233)

[TestRunBuilder] Old content:
{"TestSuite":"","Date":0,"Player":{"Development":false,"ScreenWidth":0,"ScreenHeight":0,"ScreenRefreshRate":0,"Fullscreen":false,"Vsync":0,"AntiAliasing":0,"Batchmode":false,"RenderThreadingMode":"MultiThreaded","MtRendering":false,"GraphicsJobs":false,"GpuSkinning":false,"Platform":"","ColorSpace":"","AnisotropicFiltering":"","BlendWeights":"","GraphicsApi":"","ScriptingBackend":"Mono2x","AndroidTargetSdkVersion":"AndroidApiLevelAuto","AndroidBuildSystem":"Gradle","BuildTarget":"Android","StereoRenderingPath":"MultiPass"},"Hardware":{"OperatingSystem":"","DeviceModel":"","DeviceName":"","ProcessorType":"","ProcessorCount":0,"GraphicsDeviceName":"","SystemMemorySizeMB":0},"Editor":{"Version":"6000.0.84f1","Branch":"6000.0/staging","Changeset":"78ab6fc243d5","Date":1788866050},"Dependencies":["com.unity.2d.sprite@1.0.0","com.unity.ai.assistant@2.20.0-pre.1","com.unity.ai.inference@2.6.1","com.unity.burst@1.8.30","com.unity.cloud.gltfast@6.20.0","com.unity.collections@2.6.8","com.unity.dt.app-ui@1.3.6","com.unity.editorcoroutines@1.1.0","com.unity.ext.nunit@2.0.5","com.unity.feature.development@1.0.2","com.unity.ide.rider@3.0.40","com.unity.ide.visualstudio@2.0.27","com.unity.inputsystem@1.20.0","com.unity.learn.iet-framework@6.0.2","com.unity.mathematics@1.3.3","com.unity.mobile.android-logcat@1.4.7","com.unity.modules.accessibility@1.0.0","com.unity.modules.ai@1.0.0","com.unity.modules.androidjni@1.0.0","com.unity.modules.animation@1.0.0","com.unity.modules.assetbundle@1.0.0","com.unity.modules.audio@1.0.0","com.unity.modules.cloth@1.0.0","com.unity.modules.director@1.0.0","com.unity.modules.hierarchycore@1.0.0","com.unity.modules.imageconversion@1.0.0","com.unity.modules.imgui@1.0.0","com.unity.modules.jsonserialize@1.0.0","com.unity.modules.particlesystem@1.0.0","com.unity.modules.physics@1.0.0","com.unity.modules.physics2d@1.0.0","com.unity.modules.screencapture@1.0.0","com.unity.modules.subsystems@1.0.0","com.unity.modules.terrain@1.0.0","com.unity.modules.terrainphysics@1.0.0","com.unity.modules.tilemap@1.0.0","com.unity.modules.ui@1.0.0","com.unity.modules.uielements@1.0.0","com.unity.modules.umbra@1.0.0","com.unity.modules.unityanalytics@1.0.0","com.unity.modules.unitywebrequest@1.0.0","com.unity.modules.unitywebrequestassetbundle@1.0.0","com.unity.modules.unitywebrequestaudio@1.0.0","com.unity.modules.unitywebrequesttexture@1.0.0","com.unity.modules.unitywebrequestwww@1.0.0","com.unity.modules.vehicles@1.0.0","com.unity.modules.video@1.0.0","com.unity.modules.vr@1.0.0","com.unity.modules.wind@1.0.0","com.unity.modules.xr@1.0.0","com.unity.multiplayer.center@1.0.0","com.unity.nuget.mono-cecil@1.11.6","com.unity.nuget.newtonsoft-json@3.2.2","com.unity.performance.profile-analyzer@1.4.0","com.unity.rendering.light-transport@1.0.1","com.unity.render-pipelines.core@17.0.4","com.unity.render-pipelines.universal@17.0.4","com.unity.render-pipelines.universal-config@17.0.3","com.unity.searcher@4.9.3","com.unity.settings-manager@2.1.0","com.unity.shadergraph@17.0.4","com.unity.test-framework.performance@3.5.0","com.unity.test-framework@1.6.0","com.unity.testtools.codecoverage@1.3.0","com.unity.ugui@2.0.0","com.unity.xr.arcore@6.5.0","com.unity.xr.arfoundation@6.5.0","com.unity.xr.arkit@6.5.0","com.unity.xr.core-utils@2.6.0","com.unity.xr.interaction.toolkit@3.5.1","com.unity.xr.legacyinputhelpers@2.1.12","com.unity.xr.management@4.6.0"],"Results":[]}
UnityEngine.Debug:ExtractStackTraceNoAlloc (byte*,int,string)
UnityEngine.StackTraceUtility:ExtractStackTrace ()
UnityEngine.DebugLogHandler:Internal_Log (UnityEngine.LogType,UnityEngine.LogOption,string,UnityEngine.Object)
UnityEngine.DebugLogHandler:LogFormat (UnityEngine.LogType,UnityEngine.Object,string,object[])
UnityEngine.Logger:Log (UnityEngine.LogType,object)
UnityEngine.Debug:Log (object)
Unity.PerformanceTesting.Editor.TestRunBuilder:LogContentDifferences (string,string) (at ./Library/PackageCache/com.unity.test-framework.performance@8b56083ec0f0/Editor/TestRunBuilder.cs:251)
Unity.PerformanceTesting.Editor.TestRunBuilder:SaveToStorage (object,string) (at ./Library/PackageCache/com.unity.test-framework.performance@8b56083ec0f0/Editor/TestRunBuilder.cs:237)
Unity.PerformanceTesting.Editor.TestRunBuilder:OnPreprocessBuild (UnityEditor.Build.Reporting.BuildReport) (at ./Library/PackageCache/com.unity.test-framework.performance@8b56083ec0f0/Editor/TestRunBuilder.cs:35)
UnityEditor.Build.BuildPipelineInterfaces/<>c__DisplayClass17_0:<OnBuildPreProcess>b__1 (UnityEditor.Build.IPreprocessBuildWithReport)
UnityEditor.Build.BuildPipelineInterfaces:InvokeCallbackInterfacesPair<UnityEditor.Build.IPreprocessBuild, UnityEditor.Build.IPreprocessBuildWithReport> (System.Collections.Generic.List`1<UnityEditor.Build.IPreprocessBuild>,System.Action`1<UnityEditor.Build.IPreprocessBuild>,System.Collections.Generic.List`1<UnityEditor.Build.IPreprocessBuildWithReport>,System.Action`1<UnityEditor.Build.IPreprocessBuildWithReport>,bool)
UnityEditor.Build.BuildPipelineInterfaces:OnBuildPreProcess (UnityEditor.Build.Reporting.BuildReport)
UnityEditor.BuildPipeline:BuildPlayerInternalNoCheck (string[],string,string,UnityEditor.BuildTargetGroup,UnityEditor.BuildTarget,int,UnityEditor.BuildOptions,string[],bool)
UnityEditor.BuildPipeline:BuildPlayerInternal (string[],string,string,UnityEditor.BuildTargetGroup,UnityEditor.BuildTarget,int,UnityEditor.BuildOptions,string[])
UnityEditor.BuildPipeline:BuildPlayer (string[],string,string,UnityEditor.BuildTargetGroup,UnityEditor.BuildTarget,int,UnityEditor.BuildOptions,string[])
UnityEditor.BuildPipeline:BuildPlayer (UnityEditor.BuildPlayerOptions)
ExportAndroid:Run (bool) (at Assets/Editor/ExportAndroid.cs:70)
ExportAndroid:Export () (at Assets/Editor/ExportAndroid.cs:31)

(Filename: ./Library/PackageCache/com.unity.test-framework.performance@8b56083ec0f0/Editor/TestRunBuilder.cs Line: 251)

[TestRunBuilder] New content:
{"TestSuite":"","Date":0,"Player":{"Development":false,"ScreenWidth":0,"ScreenHeight":0,"ScreenRefreshRate":0,"Fullscreen":false,"Vsync":0,"AntiAliasing":0,"Batchmode":false,"RenderThreadingMode":"MultiThreaded","MtRendering":false,"GraphicsJobs":false,"GpuSkinning":false,"Platform":"","ColorSpace":"","AnisotropicFiltering":"","BlendWeights":"","GraphicsApi":"","ScriptingBackend":"IL2CPP","AndroidTargetSdkVersion":"AndroidApiLevelAuto","AndroidBuildSystem":"Gradle","BuildTarget":"Android","StereoRenderingPath":"MultiPass"},"Hardware":{"OperatingSystem":"","DeviceModel":"","DeviceName":"","ProcessorType":"","ProcessorCount":0,"GraphicsDeviceName":"","SystemMemorySizeMB":0},"Editor":{"Version":"6000.0.84f1","Branch":"6000.0/staging","Changeset":"78ab6fc243d5","Date":1788866050},"Dependencies":["com.unity.2d.sprite@1.0.0","com.unity.ai.assistant@2.20.0-pre.1","com.unity.ai.inference@2.6.1","com.unity.burst@1.8.30","com.unity.cloud.gltfast@6.20.0","com.unity.collections@2.6.8","com.unity.dt.app-ui@1.3.6","com.unity.editorcoroutines@1.1.0","com.unity.ext.nunit@2.0.5","com.unity.feature.development@1.0.2","com.unity.ide.rider@3.0.40","com.unity.ide.visualstudio@2.0.27","com.unity.inputsystem@1.20.0","com.unity.learn.iet-framework@6.0.2","com.unity.mathematics@1.3.3","com.unity.mobile.android-logcat@1.4.7","com.unity.modules.accessibility@1.0.0","com.unity.modules.ai@1.0.0","com.unity.modules.androidjni@1.0.0","com.unity.modules.animation@1.0.0","com.unity.modules.assetbundle@1.0.0","com.unity.modules.audio@1.0.0","com.unity.modules.cloth@1.0.0","com.unity.modules.director@1.0.0","com.unity.modules.hierarchycore@1.0.0","com.unity.modules.imageconversion@1.0.0","com.unity.modules.imgui@1.0.0","com.unity.modules.jsonserialize@1.0.0","com.unity.modules.particlesystem@1.0.0","com.unity.modules.physics@1.0.0","com.unity.modules.physics2d@1.0.0","com.unity.modules.screencapture@1.0.0","com.unity.modules.subsystems@1.0.0","com.unity.modules.terrain@1.0.0","com.unity.modules.terrainphysics@1.0.0","com.unity.modules.tilemap@1.0.0","com.unity.modules.ui@1.0.0","com.unity.modules.uielements@1.0.0","com.unity.modules.umbra@1.0.0","com.unity.modules.unityanalytics@1.0.0","com.unity.modules.unitywebrequest@1.0.0","com.unity.modules.unitywebrequestassetbundle@1.0.0","com.unity.modules.unitywebrequestaudio@1.0.0","com.unity.modules.unitywebrequesttexture@1.0.0","com.unity.modules.unitywebrequestwww@1.0.0","com.unity.modules.vehicles@1.0.0","com.unity.modules.video@1.0.0","com.unity.modules.vr@1.0.0","com.unity.modules.wind@1.0.0","com.unity.modules.xr@1.0.0","com.unity.multiplayer.center@1.0.0","com.unity.nuget.mono-cecil@1.11.6","com.unity.nuget.newtonsoft-json@3.2.2","com.unity.performance.profile-analyzer@1.4.0","com.unity.rendering.light-transport@1.0.1","com.unity.render-pipelines.core@17.0.4","com.unity.render-pipelines.universal@17.0.4","com.unity.render-pipelines.universal-config@17.0.3","com.unity.searcher@4.9.3","com.unity.settings-manager@2.1.0","com.unity.shadergraph@17.0.4","com.unity.test-framework.performance@3.5.0","com.unity.test-framework@1.6.0","com.unity.testtools.codecoverage@1.3.0","com.unity.ugui@2.0.0","com.unity.xr.arcore@6.5.0","com.unity.xr.arfoundation@6.5.0","com.unity.xr.arkit@6.5.0","com.unity.xr.core-utils@2.6.0","com.unity.xr.interaction.toolkit@3.5.1","com.unity.xr.legacyinputhelpers@2.1.12","com.unity.xr.management@4.6.0"],"Results":[]}
UnityEngine.Debug:ExtractStackTraceNoAlloc (byte*,int,string)
UnityEngine.StackTraceUtility:ExtractStackTrace ()
UnityEngine.DebugLogHandler:Internal_Log (UnityEngine.LogType,UnityEngine.LogOption,string,UnityEngine.Object)
UnityEngine.DebugLogHandler:LogFormat (UnityEngine.LogType,UnityEngine.Object,string,object[])
UnityEngine.Logger:Log (UnityEngine.LogType,object)
UnityEngine.Debug:Log (object)
Unity.PerformanceTesting.Editor.TestRunBuilder:LogContentDifferences (string,string) (at ./Library/PackageCache/com.unity.test-framework.performance@8b56083ec0f0/Editor/TestRunBuilder.cs:252)
Unity.PerformanceTesting.Editor.TestRunBuilder:SaveToStorage (object,string) (at ./Library/PackageCache/com.unity.test-framework.performance@8b56083ec0f0/Editor/TestRunBuilder.cs:237)
Unity.PerformanceTesting.Editor.TestRunBuilder:OnPreprocessBuild (UnityEditor.Build.Reporting.BuildReport) (at ./Library/PackageCache/com.unity.test-framework.performance@8b56083ec0f0/Editor/TestRunBuilder.cs:35)
UnityEditor.Build.BuildPipelineInterfaces/<>c__DisplayClass17_0:<OnBuildPreProcess>b__1 (UnityEditor.Build.IPreprocessBuildWithReport)
UnityEditor.Build.BuildPipelineInterfaces:InvokeCallbackInterfacesPair<UnityEditor.Build.IPreprocessBuild, UnityEditor.Build.IPreprocessBuildWithReport> (System.Collections.Generic.List`1<UnityEditor.Build.IPreprocessBuild>,System.Action`1<UnityEditor.Build.IPreprocessBuild>,System.Collections.Generic.List`1<UnityEditor.Build.IPreprocessBuildWithReport>,System.Action`1<UnityEditor.Build.IPreprocessBuildWithReport>,bool)
UnityEditor.Build.BuildPipelineInterfaces:OnBuildPreProcess (UnityEditor.Build.Reporting.BuildReport)
UnityEditor.BuildPipeline:BuildPlayerInternalNoCheck (string[],string,string,UnityEditor.BuildTargetGroup,UnityEditor.BuildTarget,int,UnityEditor.BuildOptions,string[],bool)
UnityEditor.BuildPipeline:BuildPlayerInternal (string[],string,string,UnityEditor.BuildTargetGroup,UnityEditor.BuildTarget,int,UnityEditor.BuildOptions,string[])
UnityEditor.BuildPipeline:BuildPlayer (string[],string,string,UnityEditor.BuildTargetGroup,UnityEditor.BuildTarget,int,UnityEditor.BuildOptions,string[])
UnityEditor.BuildPipeline:BuildPlayer (UnityEditor.BuildPlayerOptions)
ExportAndroid:Run (bool) (at Assets/Editor/ExportAndroid.cs:70)
ExportAndroid:Export () (at Assets/Editor/ExportAndroid.cs:31)

(Filename: ./Library/PackageCache/com.unity.test-framework.performance@8b56083ec0f0/Editor/TestRunBuilder.cs Line: 252)

Font Asset [LiberationSans SDF - Fallback] Units Per EM set to 2048. Please commit the newly serialized value.
UnityEngine.Debug:ExtractStackTraceNoAlloc (byte*,int,string)
UnityEngine.StackTraceUtility:ExtractStackTrace ()
UnityEngine.DebugLogHandler:Internal_Log (UnityEngine.LogType,UnityEngine.LogOption,string,UnityEngine.Object)
UnityEngine.DebugLogHandler:LogFormat (UnityEngine.LogType,UnityEngine.Object,string,object[])
UnityEngine.Logger:Log (UnityEngine.LogType,object)
UnityEngine.Debug:Log (object)
TMPro.TMP_FontAsset:ReadFontAssetDefinition () (at ./Library/PackageCache/com.unity.ugui@5d6a93c81cc4/Runtime/TMP/TMP_FontAsset.cs:819)
TMPro.TMP_FontAsset:OnValidate () (at ./Library/PackageCache/com.unity.ugui@5d6a93c81cc4/Runtime/TMP/TMP_FontAsset.cs:757)
UnityEditor.AssetDatabase:LoadAssetAtPath (string,System.Type)
UnityEditor.AssetDatabase:LoadAssetAtPath<TMPro.TMP_FontAsset> (string)
TMPro.TMP_PreBuildProcessor:OnPreprocessBuild (UnityEditor.Build.Reporting.BuildReport) (at ./Library/PackageCache/com.unity.ugui@5d6a93c81cc4/Editor/TMP/TMP_PreBuildProcessor.cs:21)
UnityEditor.Build.BuildPipelineInterfaces/<>c__DisplayClass17_0:<OnBuildPreProcess>b__1 (UnityEditor.Build.IPreprocessBuildWithReport)
UnityEditor.Build.BuildPipelineInterfaces:InvokeCallbackInterfacesPair<UnityEditor.Build.IPreprocessBuild, UnityEditor.Build.IPreprocessBuildWithReport> (System.Collections.Generic.List`1<UnityEditor.Build.IPreprocessBuild>,System.Action`1<UnityEditor.Build.IPreprocessBuild>,System.Collections.Generic.List`1<UnityEditor.Build.IPreprocessBuildWithReport>,System.Action`1<UnityEditor.Build.IPreprocessBuildWithReport>,bool)
UnityEditor.Build.BuildPipelineInterfaces:OnBuildPreProcess (UnityEditor.Build.Reporting.BuildReport)
UnityEditor.BuildPipeline:BuildPlayerInternalNoCheck (string[],string,string,UnityEditor.BuildTargetGroup,UnityEditor.BuildTarget,int,UnityEditor.BuildOptions,string[],bool)
UnityEditor.BuildPipeline:BuildPlayerInternal (string[],string,string,UnityEditor.BuildTargetGroup,UnityEditor.BuildTarget,int,UnityEditor.BuildOptions,string[])
UnityEditor.BuildPipeline:BuildPlayer (string[],string,string,UnityEditor.BuildTargetGroup,UnityEditor.BuildTarget,int,UnityEditor.BuildOptions,string[])
UnityEditor.BuildPipeline:BuildPlayer (UnityEditor.BuildPlayerOptions)
ExportAndroid:Run (bool) (at Assets/Editor/ExportAndroid.cs:70)
ExportAndroid:Export () (at Assets/Editor/ExportAndroid.cs:31)

(Filename: ./Library/PackageCache/com.unity.ugui@5d6a93c81cc4/Runtime/TMP/TMP_FontAsset.cs Line: 819)

Start importing Assets/XR/Temp using Guid(576b58440169a944589d6da7d6394ae5) (DefaultImporter) -> (artifact id: '4da137e618644bb584fd5421a4b23a24') in 0.0049167 seconds
Refreshing native plugins compatible for Editor in 6.06 ms, found 2 plugins.
Preloading 1 native plugins for Editor in 0.07 ms.
Asset Pipeline Refresh (id=599f909f3c6f4ea429be85b49601aeaa): Total: 0.102 seconds - Initiated by StopAssetImportingV2(NoUpdateAssetOptions)
Refreshing native plugins compatible for Editor in 5.62 ms, found 2 plugins.
Preloading 1 native plugins for Editor in 0.05 ms.
Asset Pipeline Refresh (id=4e2bd4c19ec454e44b0574e4079d3c3a): Total: 0.084 seconds - Initiated by StopAssetImportingV2(NoUpdateAssetOptions)
Refreshing native plugins compatible for Editor in 4.46 ms, found 2 plugins.
Preloading 1 native plugins for Editor in 0.05 ms.
Asset Pipeline Refresh (id=1bd69edada5af604695ddd2489f90351): Total: 0.083 seconds - Initiated by StopAssetImportingV2(NoUpdateAssetOptions)
Start importing Assets/Resources/PerformanceTestRunInfo.json using Guid(bd56402572fbec543a7dc7b64fb6f35b) (TextScriptImporter) -> (artifact id: '34c667d7bb268c0102b31c6cf557b0e2') in 0.0040166 seconds
Refreshing native plugins compatible for Editor in 3.81 ms, found 2 plugins.
Preloading 1 native plugins for Editor in 0.05 ms.
Asset Pipeline Refresh (id=6a5384d05585e5747b0496cd17116189): Total: 0.077 seconds - Initiated by RefreshV2(NoUpdateAssetOptions)
DisplayProgressbar: Compiling XRReferenceImageLibrary (1 of 2)
DisplayProgressbar: Compiling XRReferenceImageLibrary (2 of 2)
Start importing ProjectSettings/ProjectSettings.asset using Guid(00000000000000004000000000000000) (LibraryAssetImporter) -> (artifact id: '41e50f2f257e34aa4ece833b8be12069') in 0.0031625 seconds
Start importing Assets/Settings/URP-Performant.asset using Guid(d0e2fc18fe036412f8223b3b3d9ad574) (NativeFormatImporter) -> (artifact id: '8dc138fee49c05e754c35a96d89ee4e2') in 0.0025138 seconds
Start importing Packages/com.unity.xr.arkit/Tests/Editor/Assets/TestReferenceImageLibrary.asset using Guid(e140c899c3d924dff8f41e493d33d3a7) (NativeFormatImporter) -> (artifact id: '894cacfd41615513afae9f4dfb223b2b') in 0.0022005 seconds
Start importing Packages/com.unity.xr.arcore/Tests/Editor/Assets/TestReferenceImageLibrary.asset using Guid(c33765148919746ecbe8e10cceb19107) (NativeFormatImporter) -> (artifact id: '6b88c89d1be78a7f810b6cf466be590a') in 0.0024187 seconds
The following asset(s) located in immutable packages were unexpectedly altered. Making changes to immutable packages isn't recommended because the changes can be lost without any warning during Package Manager operations.
  Packages/com.unity.xr.arcore/Tests/Editor/Assets/TestReferenceImageLibrary.asset
  Packages/com.unity.xr.arkit/Tests/Editor/Assets/TestReferenceImageLibrary.asset
Refreshing native plugins compatible for Editor in 4.23 ms, found 2 plugins.
Preloading 1 native plugins for Editor in 0.05 ms.
Asset Pipeline Refresh (id=a18920a5ab1ce2c4fabca44db3ecb02b): Total: 0.086 seconds - Initiated by StopAssetImportingV2(NoUpdateAssetOptions)
DisplayProgressbar: Checking prerequisites
The build requires CMake 3.22.1 to be present.
(Directory "C:\Users\AMSAL\AppData\Local\Android\Sdk\cmake\3.22.1" is missing)
You can install CMake manually:
* Open terminal (might require administrative privileges depending on where Android SDK is installed)
* Navigate to "C:\Users\AMSAL\AppData\Local\Android\Sdk\cmdline-tools\latest\bin"
* Execute sdkmanager.bat --install "cmake;3.22.1"
UnityEngine.Debug:ExtractStackTraceNoAlloc (byte*,int,string)
UnityEngine.StackTraceUtility:ExtractStackTrace ()
UnityEngine.DebugLogHandler:Internal_Log (UnityEngine.LogType,UnityEngine.LogOption,string,UnityEngine.Object)
UnityEngine.DebugLogHandler:LogFormat (UnityEngine.LogType,UnityEngine.Object,string,object[])
UnityEngine.Logger:Log (UnityEngine.LogType,object)
UnityEngine.Debug:LogWarning (object)
UnityEditor.Android.PostProcessor.Tasks.CheckPrerequisites:ValidateCMakeInstallation (UnityEditor.Android.PostProcessor.PostProcessorContext) (at /home/bokken/build/output/unity/unity/PlatformDependent/AndroidPlayer/Editor/Managed/PostProcessor/Tasks/CheckPrerequisites.cs:354)
UnityEditor.Android.PostProcessor.Tasks.CheckPrerequisites:Execute (UnityEditor.Android.PostProcessor.PostProcessorContext) (at /home/bokken/build/output/unity/unity/PlatformDependent/AndroidPlayer/Editor/Managed/PostProcessor/Tasks/CheckPrerequisites.cs:92)
UnityEditor.Android.PostProcessor.PostProcessRunner:RunAllTasks (UnityEditor.Android.PostProcessor.PostProcessorContext) (at /home/bokken/build/output/unity/unity/PlatformDependent/AndroidPlayer/Editor/Managed/PostProcessor/AndroidPostProcessor.cs:112)
UnityEditor.Android.PostProcessAndroidPlayer:PrepareForBuild (UnityEditor.BuildOptions,UnityEditor.BuildTarget) (at /home/bokken/build/output/unity/unity/PlatformDependent/AndroidPlayer/Editor/Managed/PostProcessAndroidPlayer.cs:60)
UnityEditor.Android.AndroidBuildPostprocessor:PrepareForBuild (UnityEditor.BuildPlayerOptions) (at /home/bokken/build/output/unity/unity/PlatformDependent/AndroidPlayer/Editor/Managed/ExtensionModule.cs:1175)
UnityEditor.PostprocessBuildPlayer:PrepareForBuild (UnityEditor.BuildPlayerOptions)
UnityEditor.BuildPipeline:BuildPlayerInternalNoCheck (string[],string,string,UnityEditor.BuildTargetGroup,UnityEditor.BuildTarget,int,UnityEditor.BuildOptions,string[],bool)
UnityEditor.BuildPipeline:BuildPlayerInternal (string[],string,string,UnityEditor.BuildTargetGroup,UnityEditor.BuildTarget,int,UnityEditor.BuildOptions,string[])
UnityEditor.BuildPipeline:BuildPlayer (string[],string,string,UnityEditor.BuildTargetGroup,UnityEditor.BuildTarget,int,UnityEditor.BuildOptions,string[])
UnityEditor.BuildPipeline:BuildPlayer (UnityEditor.BuildPlayerOptions)
ExportAndroid:Run (bool) (at Assets/Editor/ExportAndroid.cs:70)
ExportAndroid:Export () (at Assets/Editor/ExportAndroid.cs:31)

(Filename: /home/bokken/build/output/unity/unity/PlatformDependent/AndroidPlayer/Editor/Managed/PostProcessor/Tasks/CheckPrerequisites.cs Line: 354)

Android PostProcess task "Checking prerequisites" took 47.4712 ms
DisplayProgressbar: Detect Java Development Kit (JDK)
Android PostProcess task "Detect Java Development Kit (JDK)" took 8.0089 ms
DisplayProgressbar: Detecting Android SDK
AndroidSDKTools:

	root          : C:\Users\AMSAL\AppData\Local\Android\Sdk
	cmdline-tools : C:\Users\AMSAL\AppData\Local\Android\Sdk\cmdline-tools\latest
	platform-tools: C:\Users\AMSAL\AppData\Local\Android\Sdk\platform-tools
	build-tools   : C:\Users\AMSAL\AppData\Local\Android\Sdk\build-tools\36.1.0

	adb           : C:\Users\AMSAL\AppData\Local\Android\Sdk\platform-tools\adb.exe

Android PostProcess task "Detecting Android SDK" took 4483.8822 ms
Android NDK was not installed with Unity at E:\hassan\Software\6000.0.84f1\Editor\Data\PlaybackEngines\AndroidPlayer\NDK, disabling "Installed with Unity" checkbox to look for alternative locations.
UnityEngine.Debug:ExtractStackTraceNoAlloc (byte*,int,string)
UnityEngine.StackTraceUtility:ExtractStackTrace ()
UnityEngine.DebugLogHandler:Internal_Log (UnityEngine.LogType,UnityEngine.LogOption,string,UnityEngine.Object)
UnityEngine.DebugLogHandler:LogFormat (UnityEngine.LogType,UnityEngine.Object,string,object[])
UnityEngine.Logger:Log (UnityEngine.LogType,object)
UnityEngine.Debug:LogWarning (object)
UnityEditor.Android.PostProcessor.Tasks.CheckAndroidNDK:Execute (UnityEditor.Android.PostProcessor.PostProcessorContext) (at /home/bokken/build/output/unity/unity/PlatformDependent/AndroidPlayer/Editor/Managed/PostProcessor/Tasks/CheckAndroidNDK.cs:23)
UnityEditor.Android.PostProcessor.PostProcessRunner:RunAllTasks (UnityEditor.Android.PostProcessor.PostProcessorContext) (at /home/bokken/build/output/unity/unity/PlatformDependent/AndroidPlayer/Editor/Managed/PostProcessor/AndroidPostProcessor.cs:112)
UnityEditor.Android.PostProcessAndroidPlayer:PrepareForBuild (UnityEditor.BuildOptions,UnityEditor.BuildTarget) (at /home/bokken/build/output/unity/unity/PlatformDependent/AndroidPlayer/Editor/Managed/PostProcessAndroidPlayer.cs:60)
UnityEditor.Android.AndroidBuildPostprocessor:PrepareForBuild (UnityEditor.BuildPlayerOptions) (at /home/bokken/build/output/unity/unity/PlatformDependent/AndroidPlayer/Editor/Managed/ExtensionModule.cs:1175)
UnityEditor.PostprocessBuildPlayer:PrepareForBuild (UnityEditor.BuildPlayerOptions)
UnityEditor.BuildPipeline:BuildPlayerInternalNoCheck (string[],string,string,UnityEditor.BuildTargetGroup,UnityEditor.BuildTarget,int,UnityEditor.BuildOptions,string[],bool)
UnityEditor.BuildPipeline:BuildPlayerInternal (string[],string,string,UnityEditor.BuildTargetGroup,UnityEditor.BuildTarget,int,UnityEditor.BuildOptions,string[])
UnityEditor.BuildPipeline:BuildPlayer (string[],string,string,UnityEditor.BuildTargetGroup,UnityEditor.BuildTarget,int,UnityEditor.BuildOptions,string[])
UnityEditor.BuildPipeline:BuildPlayer (UnityEditor.BuildPlayerOptions)
ExportAndroid:Run (bool) (at Assets/Editor/ExportAndroid.cs:70)
ExportAndroid:Export () (at Assets/Editor/ExportAndroid.cs:31)

(Filename: /home/bokken/build/output/unity/unity/PlatformDependent/AndroidPlayer/Editor/Managed/PostProcessor/Tasks/CheckAndroidNDK.cs Line: 23)

DisplayProgressbar: Detect Android NDK
UnityException: Android NDK not found
Android NDK not found or invalid. Please, fix it in Edit / Unity -> Preferences -> External Tools
UnityEditor.BuildPipeline:BuildPlayerInternalNoCheck_Injected(String[], ManagedSpanWrapper&, ManagedSpanWrapper&, BuildTargetGroup, BuildTarget, Int32, BuildOptions, String[], Boolean)
UnityEditor.BuildPipeline:BuildPlayerInternalNoCheck(String[], String, String, BuildTargetGroup, BuildTarget, Int32, BuildOptions, String[], Boolean)
UnityEditor.BuildPipeline:BuildPlayerInternal(String[], String, String, BuildTargetGroup, BuildTarget, Int32, BuildOptions, String[])
UnityEditor.BuildPipeline:BuildPlayer(String[], String, String, BuildTargetGroup, BuildTarget, Int32, BuildOptions, String[])
UnityEditor.BuildPipeline:BuildPlayer(BuildPlayerOptions)
ExportAndroid:Run(Boolean) (at Assets\Editor\ExportAndroid.cs:70)
ExportAndroid:Export() (at Assets\Editor\ExportAndroid.cs:31)

(Filename: Assets/Editor/ExportAndroid.cs Line: 70)

Refreshing native plugins compatible for Editor in 7.25 ms, found 2 plugins.
Preloading 1 native plugins for Editor in 0.09 ms.
Asset Pipeline Refresh (id=c550c20f62f6cd6499e46f90975b7655): Total: 0.177 seconds - Initiated by StopAssetImportingV2(NoUpdateAssetOptions)
Refreshing native plugins compatible for Editor in 4.62 ms, found 2 plugins.
Preloading 1 native plugins for Editor in 0.07 ms.
Asset Pipeline Refresh (id=8dcf44759a8b441438ed39e0da17405b): Total: 0.094 seconds - Initiated by StopAssetImportingV2(NoUpdateAssetOptions)
Refreshing native plugins compatible for Editor in 4.41 ms, found 2 plugins.
Preloading 1 native plugins for Editor in 0.05 ms.
Asset Pipeline Refresh (id=723e7c2b2bbd61a4ca3705b5885b0f65): Total: 0.079 seconds - Initiated by StopAssetImportingV2(NoUpdateAssetOptions)
Asset Pipeline Refresh (id=c453fd6982edc67449e966597ec327c1): Total: 0.023 seconds - Initiated by RefreshV2(NoUpdateAssetOptions)
Unloading 0 Unused Serialized files (Serialized files now loaded: 0)
Unloading 66 unused Assets / (Unknown). Loaded Objects now: 10438.
Memory consumption went from 437.0 MB to 437.1 MB.
Total: 54.732200 ms (FindLiveObjects: 1.295400 ms CreateObjectMapping: 1.175900 ms MarkObjects: 51.902200 ms  DeleteObjects: 0.356400 ms)

Build Finished, Result: Failure.
##utp:{"type":"PlayerBuildInfo","version":2,"phase":"Immediate","time":1791054733822,"processId":18268,"steps":[{"description":"Preprocess Player","duration":5405},{"description":"Prepare For Build","duration":4579}],"duration":9984}
Unloading 0 Unused Serialized files (Serialized files now loaded: 0)
Loaded scene 'Temp/__Backupscenes/0.backup'
	Deserialize:            0.752 ms
	Integration:            826.186 ms
	Integration of assets:  0.003 ms
	Thread Wait Time:       0.015 ms
	Total Operation Time:   826.957 ms
Unloading 0 unused Assets / (164.2 MB). Loaded Objects now: 10438.
Memory consumption went from 436.6 MB to 272.4 MB.
Total: 64.245800 ms (FindLiveObjects: 1.021300 ms CreateObjectMapping: 0.897500 ms MarkObjects: 48.908400 ms  DeleteObjects: 13.415900 ms)

Refreshing native plugins compatible for Editor in 4.72 ms, found 2 plugins.
Preloading 1 native plugins for Editor in 0.06 ms.
Asset Pipeline Refresh (id=1fb38c15f72e1594c8916bfd23a97a4b): Total: 0.141 seconds - Initiated by RefreshV2(NoUpdateAssetOptions)
[ExportAndroid] result=Failed errors=1 warnings=6 out=E:\hassan\hassan uni work\semester 8\PhyXara\AR_MODE\Builds/android
UnityEngine.Debug:ExtractStackTraceNoAlloc (byte*,int,string)
UnityEngine.StackTraceUtility:ExtractStackTrace ()
UnityEngine.DebugLogHandler:Internal_Log (UnityEngine.LogType,UnityEngine.LogOption,string,UnityEngine.Object)
UnityEngine.DebugLogHandler:LogFormat (UnityEngine.LogType,UnityEngine.Object,string,object[])
UnityEngine.Logger:Log (UnityEngine.LogType,object)
UnityEngine.Debug:Log (object)
ExportAndroid:Run (bool) (at Assets/Editor/ExportAndroid.cs:73)
ExportAndroid:Export () (at Assets/Editor/ExportAndroid.cs:31)

(Filename: Assets/Editor/ExportAndroid.cs Line: 73)

Killing ADB server in 0.0736094 seconds.
[Physics::Module] Cleanup current backned.
[Physics::Module] Id: 0xf2b8ea05
Input System module state changed to: ShutdownInProgress.
Input System polling thread exited.
Input System module state changed to: Shutdown.
[Licensing::IpcConnector] LicenseClient-AMSAL-notifications channel disconnected successfully.
[Licensing::IpcConnector] LicenseClient-AMSAL channel disconnected successfully.
AcceleratorClientConnectionCallback - disconnected - :0
Cleanup mono
Checking for leaked weakptr:
  Found no leaked weakptrs.
[Package Manager] Server process was shutdown
##utp:{"type":"MemoryLeaks","version":2,"phase":"Immediate","time":1791054736837,"processId":18268,"allocatedMemory":18813932,"memoryLabels":[{"Default":28597},{"Permanent":15356},{"NewDelete":70553},{"Thread":4230344},{"Manager":25338},{"VertexData":8},{"Geometry":816},{"VFX":-104},{"Texture":160},{"Shader":78765},{"Material":24},{"GfxDevice":55784},{"Animation":392},{"Audio":4040},{"FontEngine":256},{"Physics":2081},{"Serialization":496},{"Input":14824},{"JobScheduler":33024},{"TextLib":160},{"Mono":32},{"MonoCode":320},{"ScriptingNativeRuntime":155060},{"BaseObject":1620176},{"Resource":1304},{"Renderer":2928},{"Transform":4646},{"File":1016},{"WebCam":616},{"Culling":32},{"Terrain":11394},{"Wind":24},{"STL":40},{"String":23222},{"DynamicArray":130517},{"HashMap":128452},{"Utility":2659534},{"Curl":48},{"PoolAlloc":2584},{"AI":104},{"TypeTree":5005},{"ScriptManager":512},{"RuntimeInitializeOnLoadManager":64},{"SpriteAtlas":112},{"GI":7888},{"Director":8240},{"CloudService":9928},{"WebRequest":8127},{"VR":46113},{"SceneManager":496},{"Video":64},{"LazyScriptCache":32},{"Camera":17},{"Secure":265},{"SerializationCache":1576},{"APIUpdating":10320},{"Subsystems":192},{"VirtualTexturing":57888},{"StaticSafetyDebugInfo":278528},{"Analytics":464},{"Hierarchy":272},{"CoreStats":12536},{"Identifiers":6192},{"Gui":80},{"EditorUtility":67082},{"VersionControl":4},{"Undo":947},{"AssetDatabase":8947190},{"EditorGi":328},{"UnityConnect":24184},{"Upm":2036},{"DrivenProperties":72},{"LocalIPC":211},{"ProfilerEditor":9746},{"CoreBusinessMetrics":3498},{"Licensing":696},{"AssetReference":32},{"IPCStream":32}]}
